[
  [
    "STATE",
    "ELECTORAL VOTES",
    "ELECTORAL VOTES CAST FOR DONALD J. TRUMP (R)",
    "ELECTORAL VOTES CAST FOR KAMALA D. HARRIS (D)"
  ],
  [
    "AL",
    "9",
    "9",
    null
  ],
  [
    "AK",
    "3",
    "3",
    null
  ],
  [
    "AZ",
    "11",
    "11",
    null
  ],
  [
    "AR",
    "6",
    "6",
    null
  ],
  [
    "CA",
    "54",
    null,
    "54"
  ],
  [
    "CO",
    "10",
    null,
    "10"
  ],
  [
    "CT",
    "7",
    null,
    "7"
  ],
  [
    "DE",
    "3",
    null,
    "3"
  ],
  [
    "DC",
    "3",
    null,
    "3"
  ],
  [
    "FL",
    "30",
    "30",
    null
  ],
  [
    "GA",
    "16",
    "16",
    null
  ],
  [
    "HI",
    "4",
    null,
    "4"
  ],
  [
    "ID",
    "4",
    "4",
    null
  ],
  [
    "IL",
    "19",
    null,
    "19"
  ],
  [
    "IN",
    "11",
    "11",
    null
  ],
  [
    "IA",
    "6",
    "6",
    null
  ],
  [
    "KS",
    "6",
    "6",
    null
  ],
  [
    "KY",
    "8",
    "8",
    null
  ],
  [
    "LA",
    "8",
    "8",
    null
  ],
  [
    "ME",
    "4",
    "1",
    "3"
  ],
  [
    "MD",
    "10",
    null,
    "10"
  ],
  [
    "MA",
    "11",
    null,
    "11"
  ],
  [
    "MI",
    "15",
    "15",
    null
  ],
  [
    "MN",
    "10",
    null,
    "10"
  ],
  [
    "MS",
    "6",
    "6",
    null
  ],
  [
    "MO",
    "10",
    "10",
    null
  ],
  [
    "MT",
    "4",
    "4",
    null
  ],
  [
    "NE",
    "5",
    "4",
    "1"
  ],
  [
    "NV",
    "6",
    "6",
    null
  ],
  [
    "NH",
    "4",
    null,
    "4"
  ],
  [
    "NJ",
    "14",
    null,
    "14"
  ],
  [
    "NM",
    "5",
    null,
    "5"
  ],
  [
    "NY",
    "28",
    null,
    "28"
  ],
  [
    "NC",
    "16",
    "16",
    null
  ],
  [
    "ND",
    "3",
    "3",
    null
  ],
  [
    "OH",
    "17",
    "17",
    null
  ],
  [
    "OK",
    "7",
    "7",
    null
  ],
  [
    "OR",
    "8",
    null,
    "8"
  ],
  [
    "PA",
    "19",
    "19",
    null
  ],
  [
    "RI",
    "4",
    null,
    "4"
  ],
  [
    "SC",
    "9",
    "9",
    null
  ],
  [
    "SD",
    "3",
    "3",
    null
  ],
  [
    "TN",
    "11",
    "11",
    null
  ],
  [
    "TX",
    "40",
    "40",
    null
  ],
  [
    "UT",
    "6",
    "6",
    null
  ],
  [
    "VT",
    "3",
    null,
    "3"
  ],
  [
    "VA",
    "13",
    null,
    "13"
  ],
  [
    "WA",
    "12",
    null,
    "12"
  ],
  [
    "WV",
    "4",
    "4",
    null
  ],
  [
    "WI",
    "10",
    "10",
    null
  ],
  [
    "WY",
    "3",
    "3",
    null
  ],
  [
    "Total:",
    "538",
    "312",
    "226"
  ]
]
